============================= test session starts =============================
platform win32 -- Python 3.11.9, pytest-9.0.2, pluggy-1.6.0 -- C:\Users\mongo\AppData\Local\Microsoft\WindowsApps\PythonSoftwareFoundation.Python.3.11_qbz5n2kfra8p0\python.exe
cachedir: .pytest_cache
rootdir: C:\Users\mongo\Desktop\vision-labsv1
plugins: anyio-4.12.1
collecting ... collected 198 items

tests/test_actions.py::TestHelperFunctions::test_kp_visible_high_confidence PASSED [  0%]
tests/test_actions.py::TestHelperFunctions::test_kp_visible_low_confidence PASSED [  1%]
tests/test_actions.py::TestHelperFunctions::test_kp_visible_short_array PASSED [  1%]
tests/test_actions.py::TestHelperFunctions::test_midpoint_calculation PASSED [  2%]
tests/test_actions.py::TestHelperFunctions::test_distance_calculation PASSED [  2%]
tests/test_actions.py::TestHelperFunctions::test_angle_right_angle PASSED [  3%]
tests/test_actions.py::TestHelperFunctions::test_angle_straight_line PASSED [  3%]
tests/test_actions.py::TestHelperFunctions::test_angle_zero_length PASSED [  4%]
tests/test_actions.py::TestStanding::test_default_standing PASSED        [  4%]
tests/test_actions.py::TestStanding::test_standing_has_details PASSED    [  5%]
tests/test_actions.py::TestArmsRaised::test_left_arm_raised PASSED       [  5%]
tests/test_actions.py::TestArmsRaised::test_right_arm_raised PASSED      [  6%]
tests/test_actions.py::TestArmsRaised::test_both_arms_raised PASSED      [  6%]
tests/test_actions.py::TestArmsRaised::test_arms_at_shoulder_level_not_raised PASSED [  7%]
tests/test_actions.py::TestArmsRaised::test_arms_slightly_above_not_raised PASSED [  7%]
tests/test_actions.py::TestLyingDown::test_horizontal_torso PASSED       [  8%]
tests/test_actions.py::TestCrouching::test_bent_knees PASSED             [  8%]
tests/test_actions.py::TestEdgeCases::test_empty_keypoints PASSED        [  9%]
tests/test_actions.py::TestEdgeCases::test_none_keypoints PASSED         [  9%]
tests/test_actions.py::TestEdgeCases::test_too_few_keypoints PASSED      [ 10%]
tests/test_actions.py::TestEdgeCases::test_all_low_confidence PASSED     [ 10%]
tests/test_actions.py::TestEdgeCases::test_action_priority_arms_over_crouch PASSED [ 11%]
tests/test_face_db.py::TestEnrollment::test_enroll_one PASSED            [ 11%]
tests/test_face_db.py::TestEnrollment::test_enroll_multiple PASSED       [ 12%]
tests/test_face_db.py::TestEnrollment::test_enroll_same_name_allowed PASSED [ 12%]
tests/test_face_db.py::TestEnrollment::test_enroll_normalizes_embedding PASSED [ 13%]
tests/test_face_db.py::TestEnrollment::test_enrolled_face_photo_retrievable PASSED [ 13%]
tests/test_face_db.py::TestEnrollment::test_get_photo_nonexistent PASSED [ 14%]
tests/test_face_db.py::TestMatching::test_match_exact_embedding PASSED   [ 14%]
tests/test_face_db.py::TestMatching::test_match_similar_embedding PASSED [ 15%]
tests/test_face_db.py::TestMatching::test_no_match_different_person PASSED [ 15%]
tests/test_face_db.py::TestMatching::test_match_returns_best_candidate PASSED [ 16%]
tests/test_face_db.py::TestMatching::test_match_empty_db PASSED          [ 16%]
tests/test_face_db.py::TestMatching::test_match_threshold_boundary PASSED [ 17%]
tests/test_face_db.py::TestDeletion::test_delete_existing PASSED         [ 17%]
tests/test_face_db.py::TestDeletion::test_delete_nonexistent PASSED      [ 18%]
tests/test_face_db.py::TestDeletion::test_delete_removed_from_match PASSED [ 18%]
tests/test_face_db.py::TestListFaces::test_list_empty PASSED             [ 19%]
tests/test_face_db.py::TestListFaces::test_list_returns_all PASSED       [ 19%]
tests/test_face_db.py::TestListFaces::test_list_excludes_embedding PASSED [ 20%]
tests/test_face_db.py::TestUnknownFaces::test_save_new_unknown PASSED    [ 20%]
tests/test_face_db.py::TestUnknownFaces::test_dedup_same_embedding PASSED [ 21%]
tests/test_face_db.py::TestUnknownFaces::test_dedup_similar_embedding PASSED [ 21%]
tests/test_face_db.py::TestUnknownFaces::test_sighting_count_increments PASSED [ 22%]
tests/test_face_db.py::TestUnknownFaces::test_different_unknowns_not_deduped PASSED [ 22%]
tests/test_face_db.py::TestUnknownFaces::test_unknown_photo_retrievable PASSED [ 23%]
tests/test_face_db.py::TestUnknownFaces::test_list_unknowns PASSED       [ 23%]
tests/test_face_db.py::TestUnknownFaces::test_delete_unknown PASSED      [ 24%]
tests/test_face_db.py::TestUnknownFaces::test_delete_unknown_nonexistent PASSED [ 24%]
tests/test_face_db.py::TestLabelUnknown::test_label_promotes_to_known PASSED [ 25%]
tests/test_face_db.py::TestLabelUnknown::test_labeled_face_is_matchable PASSED [ 25%]
tests/test_face_db.py::TestLabelUnknown::test_label_nonexistent_returns_none PASSED [ 26%]
tests/test_face_db.py::TestLabelUnknown::test_label_removes_from_unknowns PASSED [ 26%]
tests/test_face_db.py::TestPruning::test_pruning_enforces_max_limit PASSED [ 27%]
tests/test_face_db.py::TestPersistence::test_data_persists_across_instances PASSED [ 27%]
tests/test_feedback_db.py::TestFeedbackCRUD::test_record_and_retrieve PASSED [ 28%]
tests/test_feedback_db.py::TestFeedbackCRUD::test_record_replaces_on_duplicate_event_id PASSED [ 28%]
tests/test_feedback_db.py::TestFeedbackCRUD::test_get_recent_feedback FAILED [ 29%]
tests/test_feedback_db.py::TestFeedbackCRUD::test_get_nonexistent_feedback PASSED [ 29%]
tests/test_feedback_db.py::TestStats::test_empty_stats PASSED            [ 30%]
tests/test_feedback_db.py::TestStats::test_stats_with_data PASSED        [ 30%]
tests/test_feedback_db.py::TestAutoRules::test_identity_rule_created_after_threshold PASSED [ 31%]
tests/test_feedback_db.py::TestAutoRules::test_identity_rule_not_created_below_threshold PASSED [ 31%]
tests/test_feedback_db.py::TestAutoRules::test_zone_time_rule_created PASSED [ 32%]
tests/test_feedback_db.py::TestAutoRules::test_no_rule_for_real_threats PASSED [ 32%]
tests/test_feedback_db.py::TestAutoRules::test_no_duplicate_rules PASSED [ 33%]
tests/test_feedback_db.py::TestShouldSuppress::test_suppress_by_identity PASSED [ 33%]
tests/test_feedback_db.py::TestShouldSuppress::test_suppress_case_insensitive PASSED [ 34%]
tests/test_feedback_db.py::TestShouldSuppress::test_suppress_by_zone_time PASSED [ 34%]
tests/test_feedback_db.py::TestShouldSuppress::test_no_suppression_when_no_rules PASSED [ 35%]
tests/test_feedback_db.py::TestShouldSuppress::test_disabled_rule_not_suppressed PASSED [ 35%]
tests/test_feedback_db.py::TestPendingEvents::test_store_and_resolve_pending PASSED [ 36%]
tests/test_feedback_db.py::TestPendingEvents::test_resolve_with_identity PASSED [ 36%]
tests/test_feedback_db.py::TestPendingEvents::test_resolve_nonexistent_returns_false PASSED [ 37%]
tests/test_feedback_db.py::TestPendingEvents::test_lookup_by_telegram_message_id PASSED [ 37%]
tests/test_feedback_db.py::TestRuleManagement::test_toggle_rule PASSED   [ 38%]
tests/test_feedback_db.py::TestRuleManagement::test_delete_rule PASSED   [ 38%]
tests/test_routes.py::TestZoneRoutes::test_list_zones_empty PASSED       [ 39%]
tests/test_routes.py::TestZoneRoutes::test_create_zone PASSED            [ 39%]
tests/test_routes.py::TestZoneRoutes::test_create_zone_appears_in_list PASSED [ 40%]
tests/test_routes.py::TestZoneRoutes::test_create_zone_too_few_points PASSED [ 40%]
tests/test_routes.py::TestZoneRoutes::test_create_zone_invalid_alert_level_defaults_to_log_only PASSED [ 41%]
tests/test_routes.py::TestZoneRoutes::test_create_zone_dead_zone_accepted PASSED [ 41%]
tests/test_routes.py::TestZoneRoutes::test_update_zone PASSED            [ 42%]
tests/test_routes.py::TestZoneRoutes::test_update_zone_points PASSED     [ 42%]
tests/test_routes.py::TestZoneRoutes::test_update_zone_too_few_points PASSED [ 43%]
tests/test_routes.py::TestZoneRoutes::test_update_nonexistent_zone PASSED [ 43%]
tests/test_routes.py::TestZoneRoutes::test_delete_zone PASSED            [ 44%]
tests/test_routes.py::TestZoneRoutes::test_delete_nonexistent_zone PASSED [ 44%]
tests/test_routes.py::TestZoneRoutes::test_all_valid_alert_levels PASSED [ 45%]
tests/test_routes.py::TestConfigRoutes::test_get_config_returns_defaults_when_empty PASSED [ 45%]
tests/test_routes.py::TestConfigRoutes::test_get_config_returns_stored_values PASSED [ 46%]
tests/test_routes.py::TestConfigRoutes::test_post_config_updates_allowed_keys PASSED [ 46%]
tests/test_routes.py::TestConfigRoutes::test_post_config_rejects_unknown_keys PASSED [ 47%]
tests/test_routes.py::TestConfigRoutes::test_stats_returns_stream_lengths PASSED [ 47%]
tests/test_routes.py::TestEventRoutes::test_list_events_empty PASSED     [ 48%]
tests/test_routes.py::TestEventRoutes::test_list_events_returns_data PASSED [ 48%]
tests/test_routes.py::TestEventRoutes::test_snapshot_serves_image PASSED [ 49%]
tests/test_routes.py::TestEventRoutes::test_snapshot_not_found PASSED    [ 50%]
tests/test_routes.py::TestAuthRoutes::test_default_admin_login PASSED    [ 50%]
tests/test_routes.py::TestAuthRoutes::test_login_wrong_password PASSED   [ 51%]
tests/test_routes.py::TestAuthRoutes::test_login_nonexistent_user PASSED [ 51%]
tests/test_routes.py::TestAuthRoutes::test_auth_status_not_logged_in PASSED [ 52%]
tests/test_routes.py::TestAuthRoutes::test_auth_status_logged_in PASSED  [ 52%]
tests/test_routes.py::TestAuthRoutes::test_logout PASSED                 [ 53%]
tests/test_routes.py::TestAuthRoutes::test_change_password PASSED        [ 53%]
tests/test_routes.py::TestAuthRoutes::test_change_password_wrong_current PASSED [ 54%]
tests/test_routes.py::TestNotificationRoutes::test_notification_status_unconfigured PASSED [ 54%]
tests/test_routes.py::TestNotificationRoutes::test_notification_status_configured PASSED [ 55%]
tests/test_routes.py::TestBboxIou::test_identical_boxes PASSED           [ 55%]
tests/test_routes.py::TestBboxIou::test_no_overlap PASSED                [ 56%]
tests/test_routes.py::TestBboxIou::test_partial_overlap PASSED           [ 56%]
tests/test_routes.py::TestBboxIou::test_one_inside_other PASSED          [ 57%]
tests/test_routes.py::TestBboxIou::test_zero_area_box PASSED             [ 57%]
tests/test_time_rules.py::TestPointInPolygon::test_center_of_square PASSED [ 58%]
tests/test_time_rules.py::TestPointInPolygon::test_outside_square PASSED [ 58%]
tests/test_time_rules.py::TestPointInPolygon::test_outside_left PASSED   [ 59%]
tests/test_time_rules.py::TestPointInPolygon::test_outside_above PASSED  [ 59%]
tests/test_time_rules.py::TestPointInPolygon::test_inside_near_edge PASSED [ 60%]
tests/test_time_rules.py::TestPointInPolygon::test_outside_near_edge PASSED [ 60%]
tests/test_time_rules.py::TestPointInPolygon::test_inside_triangle PASSED [ 61%]
tests/test_time_rules.py::TestPointInPolygon::test_outside_triangle PASSED [ 61%]
tests/test_time_rules.py::TestPointInPolygon::test_inside_l_bottom PASSED [ 62%]
tests/test_time_rules.py::TestPointInPolygon::test_inside_l_right PASSED [ 62%]
tests/test_time_rules.py::TestPointInPolygon::test_outside_l_notch PASSED [ 63%]
tests/test_time_rules.py::TestPointInPolygon::test_too_few_points PASSED [ 63%]
tests/test_time_rules.py::TestPointInPolygon::test_empty_polygon PASSED  [ 64%]
tests/test_time_rules.py::TestPointInPolygon::test_single_point PASSED   [ 64%]
tests/test_time_rules.py::TestPointInPolygon::test_inside_doorway_zone PASSED [ 65%]
tests/test_time_rules.py::TestPointInPolygon::test_outside_doorway_zone PASSED [ 65%]
tests/test_time_rules.py::TestPointInPolygon::test_bottom_of_doorway PASSED [ 66%]
tests/test_time_rules.py::TestPointInPolygon::test_above_doorway PASSED  [ 66%]
tests/test_time_rules.py::TestShouldAlert::test_always_alerts_during_day PASSED [ 67%]
tests/test_time_rules.py::TestShouldAlert::test_always_alerts_at_night PASSED [ 67%]
tests/test_time_rules.py::TestShouldAlert::test_always_alerts_late_night PASSED [ 68%]
tests/test_time_rules.py::TestShouldAlert::test_always_alerts_during_twilight PASSED [ 68%]
tests/test_time_rules.py::TestShouldAlert::test_night_only_alerts_at_night PASSED [ 69%]
tests/test_time_rules.py::TestShouldAlert::test_night_only_alerts_at_late_night PASSED [ 69%]
tests/test_time_rules.py::TestShouldAlert::test_night_only_does_not_alert_during_day PASSED [ 70%]
tests/test_time_rules.py::TestShouldAlert::test_night_only_does_not_alert_during_twilight PASSED [ 70%]
tests/test_time_rules.py::TestShouldAlert::test_log_only_never_alerts PASSED [ 71%]
tests/test_time_rules.py::TestShouldAlert::test_ignore_never_alerts PASSED [ 71%]
tests/test_time_rules.py::TestShouldAlert::test_unknown_level_defaults_to_false PASSED [ 72%]
tests/test_time_rules.py::TestGetTimePeriod::test_returns_valid_string PASSED [ 72%]
tests/test_time_rules.py::TestGetTimePeriod::test_midday_is_daytime PASSED [ 73%]
tests/test_time_rules.py::TestGetTimePeriod::test_midnight_is_late_night PASSED [ 73%]
tests/test_time_rules.py::TestGetTimePeriod::test_3am_is_late_night PASSED [ 74%]
tests/test_time_rules.py::TestGetTimePeriod::test_11pm_is_night PASSED   [ 74%]
tests/test_time_rules.py::TestGetTimePeriod::test_2pm_is_daytime PASSED  [ 75%]
tests/test_time_rules.py::TestSunTimes::test_sun_times_returns_both PASSED [ 75%]
tests/test_time_rules.py::TestSunTimes::test_sunrise_before_sunset PASSED [ 76%]
tests/test_time_rules.py::TestSunTimes::test_summer_sunrise_is_early PASSED [ 76%]
tests/test_time_rules.py::TestSunTimes::test_winter_sunset_is_early PASSED [ 77%]
tests/test_tracker.py::TestComputeIoU::test_identical_boxes PASSED       [ 77%]
tests/test_tracker.py::TestComputeIoU::test_no_overlap PASSED            [ 78%]
tests/test_tracker.py::TestComputeIoU::test_partial_overlap PASSED       [ 78%]
tests/test_tracker.py::TestComputeIoU::test_one_inside_other PASSED      [ 79%]
tests/test_tracker.py::TestComputeIoU::test_touching_edges PASSED        [ 79%]
tests/test_tracker.py::TestComputeIoU::test_symmetrical PASSED           [ 80%]
tests/test_tracker.py::TestComputeIoU::test_zero_area_box PASSED         [ 80%]
tests/test_tracker.py::TestComputeIoU::test_realistic_person_boxes PASSED [ 81%]
tests/test_tracker.py::TestComputeIoU::test_realistic_different_people PASSED [ 81%]
tests/test_tracker.py::TestComputeIoU::test_large_overlap_threshold PASSED [ 82%]
tests/test_tracker.py::TestTrackedPerson::test_initial_state PASSED      [ 82%]
tests/test_tracker.py::TestTrackedPerson::test_update_increments_frame_count PASSED [ 83%]
tests/test_tracker.py::TestTrackedPerson::test_update_changes_bbox PASSED [ 83%]
tests/test_tracker.py::TestTrackedPerson::test_duration PASSED           [ 84%]
tests/test_tracker.py::TestTrackedPerson::test_center PASSED             [ 84%]
tests/test_tracker.py::TestDirection::test_direction_unknown_few_frames PASSED [ 85%]
tests/test_tracker.py::TestDirection::test_direction_stationary PASSED   [ 85%]
tests/test_tracker.py::TestDirection::test_direction_right PASSED        [ 86%]
tests/test_tracker.py::TestDirection::test_direction_left PASSED         [ 86%]
tests/test_tracker.py::TestDirection::test_bbox_history_capped PASSED    [ 87%]
tests/test_tracker.py::TestTrackedPersonSerialization::test_to_dict_keys PASSED [ 87%]
tests/test_tracker.py::TestTrackedPersonSerialization::test_to_dict_values PASSED [ 88%]
tests/test_tracker.py::TestTrackedPersonSerialization::test_action_from_keypoints PASSED [ 88%]
tests/test_vehicles.py::TestEventApiVehicleFields::test_vehicle_event_has_vehicle_class PASSED [ 89%]
tests/test_vehicles.py::TestEventApiVehicleFields::test_person_event_has_empty_vehicle_fields PASSED [ 89%]
tests/test_vehicles.py::TestEventApiVehicleFields::test_mixed_events_vehicle_and_person PASSED [ 90%]
tests/test_vehicles.py::TestBrowseDays::test_no_snapshots_returns_empty PASSED [ 90%]
tests/test_vehicles.py::TestBrowseDays::test_lists_day_folders_with_counts PASSED [ 91%]
tests/test_vehicles.py::TestBrowseDays::test_non_jpg_files_not_counted PASSED [ 91%]
tests/test_vehicles.py::TestBrowseDaySnapshots::test_list_snapshots_for_day PASSED [ 92%]
tests/test_vehicles.py::TestBrowseDaySnapshots::test_invalid_date_format_rejected PASSED [ 92%]
tests/test_vehicles.py::TestBrowseDaySnapshots::test_path_traversal_date_rejected PASSED [ 93%]
tests/test_vehicles.py::TestBrowseDaySnapshots::test_nonexistent_day_returns_empty PASSED [ 93%]
tests/test_vehicles.py::TestBrowseServeSnapshot::test_serve_snapshot_returns_jpeg PASSED [ 94%]
tests/test_vehicles.py::TestBrowseServeSnapshot::test_snapshot_not_found_returns_404 PASSED [ 94%]
tests/test_vehicles.py::TestBrowseServeSnapshot::test_snapshot_invalid_date_returns_400 PASSED [ 95%]
tests/test_vehicles.py::TestBrowseServeSnapshot::test_snapshot_path_traversal_blocked PASSED [ 95%]
tests/test_vehicles.py::TestTrackerVehicleEvent::test_vehicle_event_fields_complete PASSED [ 96%]
tests/test_vehicles.py::TestTrackerVehicleEvent::test_vehicle_event_rate_limiting PASSED [ 96%]
tests/test_vehicles.py::TestTrackerVehicleEvent::test_vehicle_snapshot_stored_in_redis PASSED [ 97%]
tests/test_vehicles.py::TestTrackerVehicleEvent::test_vehicle_event_no_snapshot_without_frame_bytes PASSED [ 97%]
tests/test_vehicles.py::TestTrackerVehicleEvent::test_vehicle_idle_fires_after_timeout PASSED [ 98%]
tests/test_vehicles.py::TestTrackerVehicleEvent::test_vehicle_idle_not_before_timeout PASSED [ 98%]
tests/test_vehicles.py::TestTrackerVehicleEvent::test_two_vehicles_tracked_independently PASSED [ 99%]
tests/test_vehicles.py::TestTrackerVehicleEvent::test_stale_vehicles_pruned PASSED [100%]

================================== FAILURES ===================================
__________________ TestFeedbackCRUD.test_get_recent_feedback __________________
tests\test_feedback_db.py:85: in test_get_recent_feedback
    recent = db.get_recent_feedback(limit=5)
             ^^^^^^^^^^^^^^^^^^^^^^^^^^^^^^^
services\dashboard\feedback_db.py:398: in get_recent_feedback
    rows = conn.execute(
E   sqlite3.OperationalError: no such column: ts
=========================== short test summary info ===========================
FAILED tests/test_feedback_db.py::TestFeedbackCRUD::test_get_recent_feedback
======================== 1 failed, 197 passed in 7.89s ========================
